Example 3c2
Testclass: jpattern.test.Test3c2
Defined patterns:
TestPattern=PC_Rpat(+UDigs) & PC_R_Enter & PC_Rpat(+Bchar) & PC_Assign_Imm(+Temp) & PC_Rpat(+UHdig) & PC_Rpat(+Temp)
Bchar=PC_Any_CS("#:")
Bnum=PC_Rpat(+UDigs) & PC_R_Enter & PC_Rpat(+Bchar) & PC_Assign_Imm(+Temp) & PC_Rpat(+UHdig) & PC_Rpat(+Temp)
Digs=PC_Span_V(+DecDigits)
Hdig=PC_Span_V(+HexDigits)
UDigs=PC_Rpat(+Digs) & (PC_Arbno_S |= (PC_Char('_') & PC_Rpat(+Digs) & PC_Arbno_S...))
UHdig=PC_Rpat(+Hdig) & (PC_Arbno_S |= (PC_Char('_') & PC_Rpat(+Hdig) & PC_Arbno_S...))
match: subject="16:123_abc#" pattern=TestPattern
fail.
(non-pattern) vars after:
----------
DecDigits="0123456789"
HexDigits="0123456789abcdefABCDEF"
Temp=":"
----------
