Example 8a
Testclass: jpattern.test.Test8a
Defined patterns:
TestPattern=PC_R_Enter & PC_Char('a') & PC_Assign_OnM(+result)
match: subject="a" pattern=TestPattern
matchresult=MatchResult(0,1,|a|)
succeed: |^a^|
(non-pattern) vars after:
----------
result="a"
----------
